../Core/Src/main.c:91:6:HAL_UART_RxCpltCallback	16	static
../Core/Src/main.c:116:6:Read_AD_Conversion	80	static
../Core/Src/main.c:168:6:Transmet_computer	24	static
../Core/Src/main.c:191:6:Set_PWM_Frequency	24	static
../Core/Src/main.c:219:6:Start_motor	24	static
../Core/Src/main.c:240:6:Up_fequency	16	static
../Core/Src/main.c:254:6:Stop_motor	16	static
../Core/Src/main.c:261:6:Moving_away_from_borders	24	static
../Core/Src/main.c:289:5:main	40	static
../Core/Src/main.c:468:6:SystemClock_Config	88	static
../Core/Src/main.c:514:13:MX_ADC1_Init	24	static
../Core/Src/main.c:566:13:MX_ADC2_Init	24	static
../Core/Src/main.c:618:13:MX_TIM2_Init	48	static
../Core/Src/main.c:667:13:MX_TIM3_Init	48	static
../Core/Src/main.c:716:13:MX_USART2_UART_Init	8	static
../Core/Src/main.c:749:13:MX_GPIO_Init	48	static
../Core/Src/main.c:784:6:Error_Handler	4	static,ignoring_inline_asm
